     Assembly listing for: MARIE-SUBROUTINES.mas
                Assembled: Tue Apr 24 22:17:49 BST 2018

         |                          / MAIN CODE:
000 1006 |         LOAD NUM          
001 2008 |         STORE TEMP        
002 0009 |         JNS DIVIDE        
003 2006 |         STORE NUM         
004 6000 |         OUTPUT            
005 7000 |         HALT              
         |                          
         |                          / VARIABLES:
006 0019 |  NUM    DEC 25            
007 0005 |  DIV    DEC 5             
008 0000 |  TEMP   DEC 0             
         |                          
         |                          / SUBROUTINES:
009 0000 |  DIVIDE HEX 0             
00A 1008 |         LOAD TEMP         
00B 4007 |         SUBT DIV          
00C C009 |         JUMPI DIVIDE      
         |                          	

Assembly successful.

         SYMBOL TABLE
         --------------------------------------------------
          Symbol | Defined | References 
         --------+---------+-------------------------------
          DIV    |   007   | 00B
          DIVIDE |   009   | 002, 00C
          NUM    |   006   | 000, 003
          TEMP   |   008   | 001, 00A
         --------------------------------------------------

